                      key       value